2025-08-26T00:50:59.995+07:00  INFO 91418 --- [gateway-service] [AsyncResolver-bootstrap-executor-%d] [gateway-service,,]c.n.d.s.r.aws.ConfigClusterResolver      : Resolving eureka endpoints via configuration
2025-08-26T04:06:03.825+07:00  INFO 91418 --- [gateway-service] [DiscoveryClient-HeartbeatExecutor-%d] [gateway-service,,]com.netflix.discovery.DiscoveryClient    : DiscoveryClient_GATEWAY-SERVICE/172.16.113.28:gateway-service:8080 - Re-registering apps/GATEWAY-SERVICE
2025-08-26T04:06:03.827+07:00  INFO 91418 --- [gateway-service] [DiscoveryClient-HeartbeatExecutor-%d] [gateway-service,,]com.netflix.discovery.DiscoveryClient    : DiscoveryClient_GATEWAY-SERVICE/172.16.113.28:gateway-service:8080: registering service...
2025-08-26T04:06:03.839+07:00  INFO 91418 --- [gateway-service] [DiscoveryClient-HeartbeatExecutor-%d] [gateway-service,,]com.netflix.discovery.DiscoveryClient    : DiscoveryClient_GATEWAY-SERVICE/172.16.113.28:gateway-service:8080 - registration status: 204
2025-08-26T08:17:51.237+07:00  INFO 91418 --- [gateway-service] [AsyncResolver-bootstrap-executor-%d] [gateway-service,,]c.n.d.s.r.aws.ConfigClusterResolver      : Resolving eureka endpoints via configuration
2025-08-26T08:17:55.306+07:00  INFO 91418 --- [gateway-service] [DiscoveryClient-HeartbeatExecutor-%d] [gateway-service,,]com.netflix.discovery.DiscoveryClient    : DiscoveryClient_GATEWAY-SERVICE/172.16.113.28:gateway-service:8080 - Re-registering apps/GATEWAY-SERVICE
2025-08-26T08:17:55.306+07:00  INFO 91418 --- [gateway-service] [DiscoveryClient-HeartbeatExecutor-%d] [gateway-service,,]com.netflix.discovery.DiscoveryClient    : DiscoveryClient_GATEWAY-SERVICE/172.16.113.28:gateway-service:8080: registering service...
2025-08-26T08:17:55.311+07:00  INFO 91418 --- [gateway-service] [DiscoveryClient-HeartbeatExecutor-%d] [gateway-service,,]com.netflix.discovery.DiscoveryClient    : DiscoveryClient_GATEWAY-SERVICE/172.16.113.28:gateway-service:8080 - registration status: 204
2025-08-26T08:27:22.688+07:00  INFO 91418 --- [gateway-service] [AsyncResolver-bootstrap-executor-%d] [gateway-service,,]c.n.d.s.r.aws.ConfigClusterResolver      : Resolving eureka endpoints via configuration
2025-08-26T08:32:22.698+07:00  INFO 91418 --- [gateway-service] [AsyncResolver-bootstrap-executor-%d] [gateway-service,,]c.n.d.s.r.aws.ConfigClusterResolver      : Resolving eureka endpoints via configuration
2025-08-26T08:37:22.706+07:00  INFO 91418 --- [gateway-service] [AsyncResolver-bootstrap-executor-%d] [gateway-service,,]c.n.d.s.r.aws.ConfigClusterResolver      : Resolving eureka endpoints via configuration
2025-08-26T08:42:22.717+07:00  INFO 91418 --- [gateway-service] [AsyncResolver-bootstrap-executor-%d] [gateway-service,,]c.n.d.s.r.aws.ConfigClusterResolver      : Resolving eureka endpoints via configuration
2025-08-26T08:47:22.728+07:00  INFO 91418 --- [gateway-service] [AsyncResolver-bootstrap-executor-%d] [gateway-service,,]c.n.d.s.r.aws.ConfigClusterResolver      : Resolving eureka endpoints via configuration
2025-08-26T08:52:22.733+07:00  INFO 91418 --- [gateway-service] [AsyncResolver-bootstrap-executor-%d] [gateway-service,,]c.n.d.s.r.aws.ConfigClusterResolver      : Resolving eureka endpoints via configuration
2025-08-26T08:57:22.740+07:00  INFO 91418 --- [gateway-service] [AsyncResolver-bootstrap-executor-%d] [gateway-service,,]c.n.d.s.r.aws.ConfigClusterResolver      : Resolving eureka endpoints via configuration
2025-08-26T09:02:22.750+07:00  INFO 91418 --- [gateway-service] [AsyncResolver-bootstrap-executor-%d] [gateway-service,,]c.n.d.s.r.aws.ConfigClusterResolver      : Resolving eureka endpoints via configuration
2025-08-26T09:07:22.756+07:00  INFO 91418 --- [gateway-service] [AsyncResolver-bootstrap-executor-%d] [gateway-service,,]c.n.d.s.r.aws.ConfigClusterResolver      : Resolving eureka endpoints via configuration
2025-08-26T09:12:22.770+07:00  INFO 91418 --- [gateway-service] [AsyncResolver-bootstrap-executor-%d] [gateway-service,,]c.n.d.s.r.aws.ConfigClusterResolver      : Resolving eureka endpoints via configuration
2025-08-26T09:17:22.782+07:00  INFO 91418 --- [gateway-service] [AsyncResolver-bootstrap-executor-%d] [gateway-service,,]c.n.d.s.r.aws.ConfigClusterResolver      : Resolving eureka endpoints via configuration
2025-08-26T09:22:22.789+07:00  INFO 91418 --- [gateway-service] [AsyncResolver-bootstrap-executor-%d] [gateway-service,,]c.n.d.s.r.aws.ConfigClusterResolver      : Resolving eureka endpoints via configuration
2025-08-26T09:27:22.792+07:00  INFO 91418 --- [gateway-service] [AsyncResolver-bootstrap-executor-%d] [gateway-service,,]c.n.d.s.r.aws.ConfigClusterResolver      : Resolving eureka endpoints via configuration
2025-08-26T09:32:22.803+07:00  INFO 91418 --- [gateway-service] [AsyncResolver-bootstrap-executor-%d] [gateway-service,,]c.n.d.s.r.aws.ConfigClusterResolver      : Resolving eureka endpoints via configuration
2025-08-26T09:37:22.809+07:00  INFO 91418 --- [gateway-service] [AsyncResolver-bootstrap-executor-%d] [gateway-service,,]c.n.d.s.r.aws.ConfigClusterResolver      : Resolving eureka endpoints via configuration
2025-08-26T09:42:22.816+07:00  INFO 91418 --- [gateway-service] [AsyncResolver-bootstrap-executor-%d] [gateway-service,,]c.n.d.s.r.aws.ConfigClusterResolver      : Resolving eureka endpoints via configuration
2025-08-26T09:47:22.829+07:00  INFO 91418 --- [gateway-service] [AsyncResolver-bootstrap-executor-%d] [gateway-service,,]c.n.d.s.r.aws.ConfigClusterResolver      : Resolving eureka endpoints via configuration
2025-08-26T09:52:22.833+07:00  INFO 91418 --- [gateway-service] [AsyncResolver-bootstrap-executor-%d] [gateway-service,,]c.n.d.s.r.aws.ConfigClusterResolver      : Resolving eureka endpoints via configuration
2025-08-26T09:53:05.730+07:00  INFO 91418 --- [gateway-service] [reactor-http-nio-7] [gateway-service,,]h.j.G.FirstPreLastPostGlobalFilter       : First Pre Global Filter
2025-08-26T09:53:05.731+07:00  INFO 91418 --- [gateway-service] [reactor-http-nio-7] [gateway-service,,]h.j.G.LoggingGatewayFilterFactory        : Pre GatewayFilter logging: 
2025-08-26T09:53:05.827+07:00  INFO 91418 --- [gateway-service] [reactor-http-nio-7] [gateway-service,,]h.j.G.LoggingGatewayFilterFactory        : Post GatewayFilter logging: 
2025-08-26T09:53:05.830+07:00  INFO 91418 --- [gateway-service] [reactor-http-nio-7] [gateway-service,,]h.j.G.FirstPreLastPostGlobalFilter       : Last Post Global Filter
2025-08-26T09:53:20.725+07:00  INFO 91418 --- [gateway-service] [reactor-http-nio-7] [gateway-service,,]h.j.G.FirstPreLastPostGlobalFilter       : First Pre Global Filter
2025-08-26T09:53:20.727+07:00  INFO 91418 --- [gateway-service] [reactor-http-nio-7] [gateway-service,,]h.j.G.LoggingGatewayFilterFactory        : Pre GatewayFilter logging: 
2025-08-26T09:54:10.138+07:00  INFO 91418 --- [gateway-service] [SpringApplicationShutdownHook] [gateway-service,,]o.s.c.n.e.s.EurekaServiceRegistry        : Unregistering application GATEWAY-SERVICE with eureka with status DOWN
2025-08-26T09:54:10.139+07:00  INFO 91418 --- [gateway-service] [SpringApplicationShutdownHook] [gateway-service,,]com.netflix.discovery.DiscoveryClient    : Saw local status change event StatusChangeEvent [timestamp=1756176850139, current=DOWN, previous=UP]
2025-08-26T09:54:10.139+07:00  INFO 91418 --- [gateway-service] [DiscoveryClient-InstanceInfoReplicator-%d] [gateway-service,,]com.netflix.discovery.DiscoveryClient    : DiscoveryClient_GATEWAY-SERVICE/172.16.113.28:gateway-service:8080: registering service...
2025-08-26T09:54:10.144+07:00  INFO 91418 --- [gateway-service] [SpringApplicationShutdownHook] [gateway-service,,]o.s.b.w.embedded.netty.GracefulShutdown  : Commencing graceful shutdown. Waiting for active requests to complete
2025-08-26T09:54:10.147+07:00  INFO 91418 --- [gateway-service] [netty-shutdown] [gateway-service,,]o.s.b.w.embedded.netty.GracefulShutdown  : Graceful shutdown complete
2025-08-26T09:54:10.156+07:00  INFO 91418 --- [gateway-service] [DiscoveryClient-InstanceInfoReplicator-%d] [gateway-service,,]com.netflix.discovery.DiscoveryClient    : DiscoveryClient_GATEWAY-SERVICE/172.16.113.28:gateway-service:8080 - registration status: 204
2025-08-26T09:54:10.164+07:00  INFO 91418 --- [gateway-service] [SpringApplicationShutdownHook] [gateway-service,,]com.netflix.discovery.DiscoveryClient    : Shutting down DiscoveryClient ...
2025-08-26T09:54:13.170+07:00  INFO 91418 --- [gateway-service] [SpringApplicationShutdownHook] [gateway-service,,]com.netflix.discovery.DiscoveryClient    : Unregistering ...
2025-08-26T09:54:13.177+07:00  INFO 91418 --- [gateway-service] [SpringApplicationShutdownHook] [gateway-service,,]com.netflix.discovery.DiscoveryClient    : DiscoveryClient_GATEWAY-SERVICE/172.16.113.28:gateway-service:8080 - deregister  status: 200
2025-08-26T09:54:13.177+07:00  INFO 91418 --- [gateway-service] [SpringApplicationShutdownHook] [gateway-service,,]com.netflix.discovery.DiscoveryClient    : Completed shut down of DiscoveryClient
2025-08-26T09:54:14.770+07:00  INFO 96045 --- [gateway-service] [restartedMain] [gateway-service,,]h.j.G.GatewayServiceApplication          : Starting GatewayServiceApplication using Java 23.0.2 with PID 96045 (/Users/dinhvanhuy/Course/Git/Microservices-Spring-Cloud_OAuth2_Docker_Kafka/MyCreate/GatewayService/target/classes started by dinhvanhuy in /Users/dinhvanhuy/Course/Git/Microservices-Spring-Cloud_OAuth2_Docker_Kafka/MyCreate/GatewayService)
2025-08-26T09:54:14.770+07:00  INFO 96045 --- [gateway-service] [restartedMain] [gateway-service,,]h.j.G.GatewayServiceApplication          : No active profile set, falling back to 1 default profile: "default"
2025-08-26T09:54:14.785+07:00  INFO 96045 --- [gateway-service] [restartedMain] [gateway-service,,]o.s.c.c.c.ConfigServerConfigDataLoader   : Fetching config from server at : http://localhost:9088
2025-08-26T09:54:14.785+07:00  INFO 96045 --- [gateway-service] [restartedMain] [gateway-service,,]o.s.c.c.c.ConfigServerConfigDataLoader   : Located environment: name=gateway-service, profiles=[default], label=null, version=null, state=null
2025-08-26T09:54:14.785+07:00  INFO 96045 --- [gateway-service] [restartedMain] [gateway-service,,].e.DevToolsPropertyDefaultsPostProcessor : Devtools property defaults active! Set 'spring.devtools.add-properties' to 'false' to disable
2025-08-26T09:54:14.785+07:00  INFO 96045 --- [gateway-service] [restartedMain] [gateway-service,,].e.DevToolsPropertyDefaultsPostProcessor : For additional web related logging consider setting the 'logging.level.web' property to 'DEBUG'
2025-08-26T09:54:15.359+07:00  INFO 96045 --- [gateway-service] [restartedMain] [gateway-service,,]o.s.cloud.context.scope.GenericScope     : BeanFactory id=3c97136f-a23a-3b6d-ac9d-1fbd33c06c9a
2025-08-26T09:54:15.697+07:00  INFO 96045 --- [gateway-service] [restartedMain] [gateway-service,,]o.s.c.g.r.RouteDefinitionRouteLocator    : Loaded RoutePredicateFactory [After]
2025-08-26T09:54:15.697+07:00  INFO 96045 --- [gateway-service] [restartedMain] [gateway-service,,]o.s.c.g.r.RouteDefinitionRouteLocator    : Loaded RoutePredicateFactory [Before]
2025-08-26T09:54:15.698+07:00  INFO 96045 --- [gateway-service] [restartedMain] [gateway-service,,]o.s.c.g.r.RouteDefinitionRouteLocator    : Loaded RoutePredicateFactory [Between]
2025-08-26T09:54:15.698+07:00  INFO 96045 --- [gateway-service] [restartedMain] [gateway-service,,]o.s.c.g.r.RouteDefinitionRouteLocator    : Loaded RoutePredicateFactory [Cookie]
2025-08-26T09:54:15.698+07:00  INFO 96045 --- [gateway-service] [restartedMain] [gateway-service,,]o.s.c.g.r.RouteDefinitionRouteLocator    : Loaded RoutePredicateFactory [Header]
2025-08-26T09:54:15.698+07:00  INFO 96045 --- [gateway-service] [restartedMain] [gateway-service,,]o.s.c.g.r.RouteDefinitionRouteLocator    : Loaded RoutePredicateFactory [Host]
2025-08-26T09:54:15.698+07:00  INFO 96045 --- [gateway-service] [restartedMain] [gateway-service,,]o.s.c.g.r.RouteDefinitionRouteLocator    : Loaded RoutePredicateFactory [Method]
2025-08-26T09:54:15.698+07:00  INFO 96045 --- [gateway-service] [restartedMain] [gateway-service,,]o.s.c.g.r.RouteDefinitionRouteLocator    : Loaded RoutePredicateFactory [Path]
2025-08-26T09:54:15.698+07:00  INFO 96045 --- [gateway-service] [restartedMain] [gateway-service,,]o.s.c.g.r.RouteDefinitionRouteLocator    : Loaded RoutePredicateFactory [Query]
2025-08-26T09:54:15.698+07:00  INFO 96045 --- [gateway-service] [restartedMain] [gateway-service,,]o.s.c.g.r.RouteDefinitionRouteLocator    : Loaded RoutePredicateFactory [ReadBody]
2025-08-26T09:54:15.698+07:00  INFO 96045 --- [gateway-service] [restartedMain] [gateway-service,,]o.s.c.g.r.RouteDefinitionRouteLocator    : Loaded RoutePredicateFactory [RemoteAddr]
2025-08-26T09:54:15.698+07:00  INFO 96045 --- [gateway-service] [restartedMain] [gateway-service,,]o.s.c.g.r.RouteDefinitionRouteLocator    : Loaded RoutePredicateFactory [XForwardedRemoteAddr]
2025-08-26T09:54:15.698+07:00  INFO 96045 --- [gateway-service] [restartedMain] [gateway-service,,]o.s.c.g.r.RouteDefinitionRouteLocator    : Loaded RoutePredicateFactory [Weight]
2025-08-26T09:54:15.698+07:00  INFO 96045 --- [gateway-service] [restartedMain] [gateway-service,,]o.s.c.g.r.RouteDefinitionRouteLocator    : Loaded RoutePredicateFactory [CloudFoundryRouteService]
2025-08-26T09:54:15.730+07:00  WARN 96045 --- [gateway-service] [restartedMain] [gateway-service,,]o.s.w.r.resource.ResourceHandlerUtils    : Appended trailing slash to static resource location: classpath:/META-INF/resources/webjars/swagger-ui/5.18.3/
2025-08-26T09:54:15.811+07:00  INFO 96045 --- [gateway-service] [restartedMain] [gateway-service,,]o.s.b.a.e.web.EndpointLinksResolver      : Exposing 32 endpoints beneath base path '/actuator'
2025-08-26T09:54:15.916+07:00  WARN 96045 --- [gateway-service] [restartedMain] [gateway-service,,]o.s.b.d.a.OptionalLiveReloadServer       : Unable to start LiveReload server
2025-08-26T09:54:15.922+07:00  INFO 96045 --- [gateway-service] [restartedMain] [gateway-service,,]DiscoveryClientOptionalArgsConfiguration : Eureka HTTP Client uses RestTemplate.
2025-08-26T09:54:15.929+07:00  WARN 96045 --- [gateway-service] [restartedMain] [gateway-service,,]s.w.s.StarterDeprecatedAutoConfiguration : 

**********************************************************

spring-cloud-starter-gateway is deprecated. It will be removed in the next major release. Please use spring-cloud-starter-gateway-server-webflux instead.

**********************************************************


2025-08-26T09:54:15.932+07:00  WARN 96045 --- [gateway-service] [restartedMain] [gateway-service,,]iguration$LoadBalancerCaffeineWarnLogger : Spring Cloud LoadBalancer is currently working with the default cache. While this cache implementation is useful for development and tests, it's recommended to use Caffeine cache in production.You can switch to using Caffeine cache, by adding it and org.springframework.cache.caffeine.CaffeineCacheManager to the classpath.
2025-08-26T09:54:15.963+07:00  INFO 96045 --- [gateway-service] [restartedMain] [gateway-service,,]o.s.c.n.eureka.InstanceInfoFactory       : Setting initial instance status as: STARTING
2025-08-26T09:54:15.972+07:00  INFO 96045 --- [gateway-service] [restartedMain] [gateway-service,,]com.netflix.discovery.DiscoveryClient    : Initializing Eureka in region us-east-1
2025-08-26T09:54:15.974+07:00  INFO 96045 --- [gateway-service] [restartedMain] [gateway-service,,]c.n.d.s.r.aws.ConfigClusterResolver      : Resolving eureka endpoints via configuration
2025-08-26T09:54:15.977+07:00  INFO 96045 --- [gateway-service] [restartedMain] [gateway-service,,]com.netflix.discovery.DiscoveryClient    : Disable delta property : false
2025-08-26T09:54:15.977+07:00  INFO 96045 --- [gateway-service] [restartedMain] [gateway-service,,]com.netflix.discovery.DiscoveryClient    : Single vip registry refresh property : null
2025-08-26T09:54:15.977+07:00  INFO 96045 --- [gateway-service] [restartedMain] [gateway-service,,]com.netflix.discovery.DiscoveryClient    : Force full registry fetch : false
2025-08-26T09:54:15.977+07:00  INFO 96045 --- [gateway-service] [restartedMain] [gateway-service,,]com.netflix.discovery.DiscoveryClient    : Application is null : false
2025-08-26T09:54:15.977+07:00  INFO 96045 --- [gateway-service] [restartedMain] [gateway-service,,]com.netflix.discovery.DiscoveryClient    : Registered Applications size is zero : true
2025-08-26T09:54:15.977+07:00  INFO 96045 --- [gateway-service] [restartedMain] [gateway-service,,]com.netflix.discovery.DiscoveryClient    : Application version is -1: true
2025-08-26T09:54:15.977+07:00  INFO 96045 --- [gateway-service] [restartedMain] [gateway-service,,]com.netflix.discovery.DiscoveryClient    : Getting all instance registry info from the eureka server
2025-08-26T09:54:16.070+07:00  INFO 96045 --- [gateway-service] [restartedMain] [gateway-service,,]com.netflix.discovery.DiscoveryClient    : The response status is 200
2025-08-26T09:54:16.070+07:00  INFO 96045 --- [gateway-service] [restartedMain] [gateway-service,,]com.netflix.discovery.DiscoveryClient    : Starting heartbeat executor: renew interval is: 30
2025-08-26T09:54:16.071+07:00  INFO 96045 --- [gateway-service] [restartedMain] [gateway-service,,]c.n.discovery.InstanceInfoReplicator     : InstanceInfoReplicator onDemand update allowed rate per min is 4
2025-08-26T09:54:16.071+07:00  INFO 96045 --- [gateway-service] [restartedMain] [gateway-service,,]com.netflix.discovery.DiscoveryClient    : Discovery Client initialized at timestamp 1756176856071 with initial instances count: 5
2025-08-26T09:54:16.072+07:00  INFO 96045 --- [gateway-service] [restartedMain] [gateway-service,,]o.s.c.n.e.s.EurekaServiceRegistry        : Registering application GATEWAY-SERVICE with eureka with status UP
2025-08-26T09:54:16.072+07:00  INFO 96045 --- [gateway-service] [restartedMain] [gateway-service,,]com.netflix.discovery.DiscoveryClient    : Saw local status change event StatusChangeEvent [timestamp=1756176856072, current=UP, previous=STARTING]
2025-08-26T09:54:16.073+07:00  INFO 96045 --- [gateway-service] [DiscoveryClient-InstanceInfoReplicator-%d] [gateway-service,,]com.netflix.discovery.DiscoveryClient    : DiscoveryClient_GATEWAY-SERVICE/172.16.113.28:gateway-service:8080: registering service...
2025-08-26T09:54:16.089+07:00  INFO 96045 --- [gateway-service] [DiscoveryClient-InstanceInfoReplicator-%d] [gateway-service,,]com.netflix.discovery.DiscoveryClient    : DiscoveryClient_GATEWAY-SERVICE/172.16.113.28:gateway-service:8080 - registration status: 204
2025-08-26T09:54:16.128+07:00  INFO 96045 --- [gateway-service] [restartedMain] [gateway-service,,]o.s.b.web.embedded.netty.NettyWebServer  : Netty started on port 8080 (http)
2025-08-26T09:54:16.129+07:00  INFO 96045 --- [gateway-service] [restartedMain] [gateway-service,,].s.c.n.e.s.EurekaAutoServiceRegistration : Updating port to 8080
2025-08-26T09:54:16.142+07:00  INFO 96045 --- [gateway-service] [restartedMain] [gateway-service,,]h.j.G.GatewayServiceApplication          : Started GatewayServiceApplication in 1.771 seconds (process running for 2.37)
2025-08-26T09:54:16.144+07:00  INFO 96045 --- [gateway-service] [restartedMain] [gateway-service,,]h.j.G.GatewayServiceApplication          : 
----------------------------------------------------------
	Application 'gateway-service' is running! Access URLs:
	Local: 		http://localhost:8080/
	External: 	http://127.0.0.1:8080/
	Profile(s): 	[]
----------------------------------------------------------
2025-08-26T09:54:59.846+07:00  INFO 96045 --- [gateway-service] [reactor-http-nio-3] [gateway-service,,]h.j.G.FirstPreLastPostGlobalFilter       : First Pre Global Filter
2025-08-26T09:54:59.847+07:00  INFO 96045 --- [gateway-service] [reactor-http-nio-3] [gateway-service,,]h.j.G.LoggingGatewayFilterFactory        : Pre GatewayFilter logging: 
2025-08-26T09:54:59.901+07:00 ERROR 96045 --- [gateway-service] [reactor-http-nio-3] [gateway-service,,]i.n.r.d.DnsServerAddressStreamProviders  : Unable to load io.netty.resolver.dns.macos.MacOSDnsServerAddressStreamProvider, fallback to system defaults. This may result in incorrect DNS resolutions on MacOS. Check whether you have a dependency on 'io.netty:netty-resolver-dns-native-macos'. Use DEBUG level to see the full stack: java.lang.UnsatisfiedLinkError: failed to load the required native library
2025-08-26T09:55:05.056+07:00  INFO 96045 --- [gateway-service] [reactor-http-nio-3] [gateway-service,,]h.j.G.LoggingGatewayFilterFactory        : Post GatewayFilter logging: 
2025-08-26T09:55:05.066+07:00  INFO 96045 --- [gateway-service] [reactor-http-nio-3] [gateway-service,,]h.j.G.FirstPreLastPostGlobalFilter       : Last Post Global Filter
2025-08-26T09:59:15.986+07:00  INFO 96045 --- [gateway-service] [AsyncResolver-bootstrap-executor-%d] [gateway-service,,]c.n.d.s.r.aws.ConfigClusterResolver      : Resolving eureka endpoints via configuration
2025-08-26T10:04:15.964+07:00  INFO 96045 --- [gateway-service] [AsyncResolver-bootstrap-executor-%d] [gateway-service,,]c.n.d.s.r.aws.ConfigClusterResolver      : Resolving eureka endpoints via configuration
2025-08-26T10:09:15.972+07:00  INFO 96045 --- [gateway-service] [AsyncResolver-bootstrap-executor-%d] [gateway-service,,]c.n.d.s.r.aws.ConfigClusterResolver      : Resolving eureka endpoints via configuration
2025-08-26T10:14:15.978+07:00  INFO 96045 --- [gateway-service] [AsyncResolver-bootstrap-executor-%d] [gateway-service,,]c.n.d.s.r.aws.ConfigClusterResolver      : Resolving eureka endpoints via configuration
2025-08-26T10:19:15.984+07:00  INFO 96045 --- [gateway-service] [AsyncResolver-bootstrap-executor-%d] [gateway-service,,]c.n.d.s.r.aws.ConfigClusterResolver      : Resolving eureka endpoints via configuration
2025-08-26T10:24:15.955+07:00  INFO 96045 --- [gateway-service] [AsyncResolver-bootstrap-executor-%d] [gateway-service,,]c.n.d.s.r.aws.ConfigClusterResolver      : Resolving eureka endpoints via configuration
2025-08-26T10:29:15.958+07:00  INFO 96045 --- [gateway-service] [AsyncResolver-bootstrap-executor-%d] [gateway-service,,]c.n.d.s.r.aws.ConfigClusterResolver      : Resolving eureka endpoints via configuration
2025-08-26T10:34:15.960+07:00  INFO 96045 --- [gateway-service] [AsyncResolver-bootstrap-executor-%d] [gateway-service,,]c.n.d.s.r.aws.ConfigClusterResolver      : Resolving eureka endpoints via configuration
2025-08-26T10:39:15.961+07:00  INFO 96045 --- [gateway-service] [AsyncResolver-bootstrap-executor-%d] [gateway-service,,]c.n.d.s.r.aws.ConfigClusterResolver      : Resolving eureka endpoints via configuration
2025-08-26T10:44:15.961+07:00  INFO 96045 --- [gateway-service] [AsyncResolver-bootstrap-executor-%d] [gateway-service,,]c.n.d.s.r.aws.ConfigClusterResolver      : Resolving eureka endpoints via configuration
2025-08-26T10:49:15.966+07:00  INFO 96045 --- [gateway-service] [AsyncResolver-bootstrap-executor-%d] [gateway-service,,]c.n.d.s.r.aws.ConfigClusterResolver      : Resolving eureka endpoints via configuration
2025-08-26T10:54:15.973+07:00  INFO 96045 --- [gateway-service] [AsyncResolver-bootstrap-executor-%d] [gateway-service,,]c.n.d.s.r.aws.ConfigClusterResolver      : Resolving eureka endpoints via configuration
2025-08-26T10:59:15.977+07:00  INFO 96045 --- [gateway-service] [AsyncResolver-bootstrap-executor-%d] [gateway-service,,]c.n.d.s.r.aws.ConfigClusterResolver      : Resolving eureka endpoints via configuration
2025-08-26T11:04:15.979+07:00  INFO 96045 --- [gateway-service] [AsyncResolver-bootstrap-executor-%d] [gateway-service,,]c.n.d.s.r.aws.ConfigClusterResolver      : Resolving eureka endpoints via configuration
2025-08-26T11:09:15.987+07:00  INFO 96045 --- [gateway-service] [AsyncResolver-bootstrap-executor-%d] [gateway-service,,]c.n.d.s.r.aws.ConfigClusterResolver      : Resolving eureka endpoints via configuration
2025-08-26T11:14:15.988+07:00  INFO 96045 --- [gateway-service] [AsyncResolver-bootstrap-executor-%d] [gateway-service,,]c.n.d.s.r.aws.ConfigClusterResolver      : Resolving eureka endpoints via configuration
2025-08-26T11:19:15.996+07:00  INFO 96045 --- [gateway-service] [AsyncResolver-bootstrap-executor-%d] [gateway-service,,]c.n.d.s.r.aws.ConfigClusterResolver      : Resolving eureka endpoints via configuration
2025-08-26T11:24:16.003+07:00  INFO 96045 --- [gateway-service] [AsyncResolver-bootstrap-executor-%d] [gateway-service,,]c.n.d.s.r.aws.ConfigClusterResolver      : Resolving eureka endpoints via configuration
2025-08-26T11:29:16.007+07:00  INFO 96045 --- [gateway-service] [AsyncResolver-bootstrap-executor-%d] [gateway-service,,]c.n.d.s.r.aws.ConfigClusterResolver      : Resolving eureka endpoints via configuration
2025-08-26T11:34:16.017+07:00  INFO 96045 --- [gateway-service] [AsyncResolver-bootstrap-executor-%d] [gateway-service,,]c.n.d.s.r.aws.ConfigClusterResolver      : Resolving eureka endpoints via configuration
2025-08-26T11:39:16.027+07:00  INFO 96045 --- [gateway-service] [AsyncResolver-bootstrap-executor-%d] [gateway-service,,]c.n.d.s.r.aws.ConfigClusterResolver      : Resolving eureka endpoints via configuration
2025-08-26T11:44:16.032+07:00  INFO 96045 --- [gateway-service] [AsyncResolver-bootstrap-executor-%d] [gateway-service,,]c.n.d.s.r.aws.ConfigClusterResolver      : Resolving eureka endpoints via configuration
2025-08-26T11:49:16.043+07:00  INFO 96045 --- [gateway-service] [AsyncResolver-bootstrap-executor-%d] [gateway-service,,]c.n.d.s.r.aws.ConfigClusterResolver      : Resolving eureka endpoints via configuration
2025-08-26T11:54:16.049+07:00  INFO 96045 --- [gateway-service] [AsyncResolver-bootstrap-executor-%d] [gateway-service,,]c.n.d.s.r.aws.ConfigClusterResolver      : Resolving eureka endpoints via configuration
2025-08-26T11:59:16.051+07:00  INFO 96045 --- [gateway-service] [AsyncResolver-bootstrap-executor-%d] [gateway-service,,]c.n.d.s.r.aws.ConfigClusterResolver      : Resolving eureka endpoints via configuration
2025-08-26T12:04:16.054+07:00  INFO 96045 --- [gateway-service] [AsyncResolver-bootstrap-executor-%d] [gateway-service,,]c.n.d.s.r.aws.ConfigClusterResolver      : Resolving eureka endpoints via configuration
2025-08-26T12:09:16.054+07:00  INFO 96045 --- [gateway-service] [AsyncResolver-bootstrap-executor-%d] [gateway-service,,]c.n.d.s.r.aws.ConfigClusterResolver      : Resolving eureka endpoints via configuration
2025-08-26T12:14:16.059+07:00  INFO 96045 --- [gateway-service] [AsyncResolver-bootstrap-executor-%d] [gateway-service,,]c.n.d.s.r.aws.ConfigClusterResolver      : Resolving eureka endpoints via configuration
2025-08-26T12:19:16.063+07:00  INFO 96045 --- [gateway-service] [AsyncResolver-bootstrap-executor-%d] [gateway-service,,]c.n.d.s.r.aws.ConfigClusterResolver      : Resolving eureka endpoints via configuration
2025-08-26T12:24:16.127+07:00  INFO 96045 --- [gateway-service] [AsyncResolver-bootstrap-executor-%d] [gateway-service,,]c.n.d.s.r.aws.ConfigClusterResolver      : Resolving eureka endpoints via configuration
2025-08-26T12:29:16.136+07:00  INFO 96045 --- [gateway-service] [AsyncResolver-bootstrap-executor-%d] [gateway-service,,]c.n.d.s.r.aws.ConfigClusterResolver      : Resolving eureka endpoints via configuration
2025-08-26T12:34:16.143+07:00  INFO 96045 --- [gateway-service] [AsyncResolver-bootstrap-executor-%d] [gateway-service,,]c.n.d.s.r.aws.ConfigClusterResolver      : Resolving eureka endpoints via configuration
2025-08-26T12:39:16.151+07:00  INFO 96045 --- [gateway-service] [AsyncResolver-bootstrap-executor-%d] [gateway-service,,]c.n.d.s.r.aws.ConfigClusterResolver      : Resolving eureka endpoints via configuration
2025-08-26T12:44:16.155+07:00  INFO 96045 --- [gateway-service] [AsyncResolver-bootstrap-executor-%d] [gateway-service,,]c.n.d.s.r.aws.ConfigClusterResolver      : Resolving eureka endpoints via configuration
2025-08-26T13:42:46.500+07:00  INFO 96045 --- [gateway-service] [DiscoveryClient-HeartbeatExecutor-%d] [gateway-service,,]com.netflix.discovery.DiscoveryClient    : DiscoveryClient_GATEWAY-SERVICE/172.16.113.28:gateway-service:8080 - Re-registering apps/GATEWAY-SERVICE
2025-08-26T13:42:46.502+07:00  INFO 96045 --- [gateway-service] [DiscoveryClient-HeartbeatExecutor-%d] [gateway-service,,]com.netflix.discovery.DiscoveryClient    : DiscoveryClient_GATEWAY-SERVICE/172.16.113.28:gateway-service:8080: registering service...
2025-08-26T13:42:46.513+07:00  INFO 96045 --- [gateway-service] [DiscoveryClient-HeartbeatExecutor-%d] [gateway-service,,]com.netflix.discovery.DiscoveryClient    : DiscoveryClient_GATEWAY-SERVICE/172.16.113.28:gateway-service:8080 - registration status: 204
2025-08-26T13:45:42.673+07:00  INFO 96045 --- [gateway-service] [AsyncResolver-bootstrap-executor-%d] [gateway-service,,]c.n.d.s.r.aws.ConfigClusterResolver      : Resolving eureka endpoints via configuration
2025-08-26T13:50:42.678+07:00  INFO 96045 --- [gateway-service] [AsyncResolver-bootstrap-executor-%d] [gateway-service,,]c.n.d.s.r.aws.ConfigClusterResolver      : Resolving eureka endpoints via configuration
2025-08-26T13:55:42.671+07:00  INFO 96045 --- [gateway-service] [AsyncResolver-bootstrap-executor-%d] [gateway-service,,]c.n.d.s.r.aws.ConfigClusterResolver      : Resolving eureka endpoints via configuration
2025-08-26T14:00:42.676+07:00  INFO 96045 --- [gateway-service] [AsyncResolver-bootstrap-executor-%d] [gateway-service,,]c.n.d.s.r.aws.ConfigClusterResolver      : Resolving eureka endpoints via configuration
2025-08-26T14:05:42.682+07:00  INFO 96045 --- [gateway-service] [AsyncResolver-bootstrap-executor-%d] [gateway-service,,]c.n.d.s.r.aws.ConfigClusterResolver      : Resolving eureka endpoints via configuration
2025-08-26T14:10:42.697+07:00  INFO 96045 --- [gateway-service] [AsyncResolver-bootstrap-executor-%d] [gateway-service,,]c.n.d.s.r.aws.ConfigClusterResolver      : Resolving eureka endpoints via configuration
2025-08-26T14:15:42.706+07:00  INFO 96045 --- [gateway-service] [AsyncResolver-bootstrap-executor-%d] [gateway-service,,]c.n.d.s.r.aws.ConfigClusterResolver      : Resolving eureka endpoints via configuration
2025-08-26T14:20:42.718+07:00  INFO 96045 --- [gateway-service] [AsyncResolver-bootstrap-executor-%d] [gateway-service,,]c.n.d.s.r.aws.ConfigClusterResolver      : Resolving eureka endpoints via configuration
2025-08-26T14:25:42.730+07:00  INFO 96045 --- [gateway-service] [AsyncResolver-bootstrap-executor-%d] [gateway-service,,]c.n.d.s.r.aws.ConfigClusterResolver      : Resolving eureka endpoints via configuration
2025-08-26T14:30:42.744+07:00  INFO 96045 --- [gateway-service] [AsyncResolver-bootstrap-executor-%d] [gateway-service,,]c.n.d.s.r.aws.ConfigClusterResolver      : Resolving eureka endpoints via configuration
2025-08-26T14:35:42.751+07:00  INFO 96045 --- [gateway-service] [AsyncResolver-bootstrap-executor-%d] [gateway-service,,]c.n.d.s.r.aws.ConfigClusterResolver      : Resolving eureka endpoints via configuration
2025-08-26T14:40:42.780+07:00  INFO 96045 --- [gateway-service] [AsyncResolver-bootstrap-executor-%d] [gateway-service,,]c.n.d.s.r.aws.ConfigClusterResolver      : Resolving eureka endpoints via configuration
2025-08-26T14:45:42.789+07:00  INFO 96045 --- [gateway-service] [AsyncResolver-bootstrap-executor-%d] [gateway-service,,]c.n.d.s.r.aws.ConfigClusterResolver      : Resolving eureka endpoints via configuration
2025-08-26T14:50:42.798+07:00  INFO 96045 --- [gateway-service] [AsyncResolver-bootstrap-executor-%d] [gateway-service,,]c.n.d.s.r.aws.ConfigClusterResolver      : Resolving eureka endpoints via configuration
2025-08-26T14:55:42.812+07:00  INFO 96045 --- [gateway-service] [AsyncResolver-bootstrap-executor-%d] [gateway-service,,]c.n.d.s.r.aws.ConfigClusterResolver      : Resolving eureka endpoints via configuration
2025-08-26T15:00:42.822+07:00  INFO 96045 --- [gateway-service] [AsyncResolver-bootstrap-executor-%d] [gateway-service,,]c.n.d.s.r.aws.ConfigClusterResolver      : Resolving eureka endpoints via configuration
2025-08-26T15:05:42.835+07:00  INFO 96045 --- [gateway-service] [AsyncResolver-bootstrap-executor-%d] [gateway-service,,]c.n.d.s.r.aws.ConfigClusterResolver      : Resolving eureka endpoints via configuration
2025-08-26T15:10:42.849+07:00  INFO 96045 --- [gateway-service] [AsyncResolver-bootstrap-executor-%d] [gateway-service,,]c.n.d.s.r.aws.ConfigClusterResolver      : Resolving eureka endpoints via configuration
2025-08-26T15:15:42.862+07:00  INFO 96045 --- [gateway-service] [AsyncResolver-bootstrap-executor-%d] [gateway-service,,]c.n.d.s.r.aws.ConfigClusterResolver      : Resolving eureka endpoints via configuration
2025-08-26T15:20:42.872+07:00  INFO 96045 --- [gateway-service] [AsyncResolver-bootstrap-executor-%d] [gateway-service,,]c.n.d.s.r.aws.ConfigClusterResolver      : Resolving eureka endpoints via configuration
2025-08-26T15:25:42.859+07:00  INFO 96045 --- [gateway-service] [AsyncResolver-bootstrap-executor-%d] [gateway-service,,]c.n.d.s.r.aws.ConfigClusterResolver      : Resolving eureka endpoints via configuration
2025-08-26T15:30:42.869+07:00  INFO 96045 --- [gateway-service] [AsyncResolver-bootstrap-executor-%d] [gateway-service,,]c.n.d.s.r.aws.ConfigClusterResolver      : Resolving eureka endpoints via configuration
2025-08-26T15:35:42.879+07:00  INFO 96045 --- [gateway-service] [AsyncResolver-bootstrap-executor-%d] [gateway-service,,]c.n.d.s.r.aws.ConfigClusterResolver      : Resolving eureka endpoints via configuration
2025-08-26T15:40:42.837+07:00  INFO 96045 --- [gateway-service] [AsyncResolver-bootstrap-executor-%d] [gateway-service,,]c.n.d.s.r.aws.ConfigClusterResolver      : Resolving eureka endpoints via configuration
2025-08-26T15:43:13.527+07:00  INFO 96045 --- [gateway-service] [SpringApplicationShutdownHook] [gateway-service,,]o.s.c.n.e.s.EurekaServiceRegistry        : Unregistering application GATEWAY-SERVICE with eureka with status DOWN
2025-08-26T15:43:13.528+07:00  INFO 96045 --- [gateway-service] [SpringApplicationShutdownHook] [gateway-service,,]com.netflix.discovery.DiscoveryClient    : Saw local status change event StatusChangeEvent [timestamp=1756197793528, current=DOWN, previous=UP]
2025-08-26T15:43:13.528+07:00  INFO 96045 --- [gateway-service] [DiscoveryClient-InstanceInfoReplicator-%d] [gateway-service,,]com.netflix.discovery.DiscoveryClient    : DiscoveryClient_GATEWAY-SERVICE/172.16.113.28:gateway-service:8080: registering service...
2025-08-26T15:43:13.532+07:00  INFO 96045 --- [gateway-service] [SpringApplicationShutdownHook] [gateway-service,,]o.s.b.w.embedded.netty.GracefulShutdown  : Commencing graceful shutdown. Waiting for active requests to complete
2025-08-26T15:43:13.535+07:00  INFO 96045 --- [gateway-service] [netty-shutdown] [gateway-service,,]o.s.b.w.embedded.netty.GracefulShutdown  : Graceful shutdown complete
2025-08-26T15:43:13.536+07:00  INFO 96045 --- [gateway-service] [DiscoveryClient-InstanceInfoReplicator-%d] [gateway-service,,]com.netflix.discovery.DiscoveryClient    : DiscoveryClient_GATEWAY-SERVICE/172.16.113.28:gateway-service:8080 - registration status: 204
2025-08-26T15:43:13.544+07:00  INFO 96045 --- [gateway-service] [SpringApplicationShutdownHook] [gateway-service,,]com.netflix.discovery.DiscoveryClient    : Shutting down DiscoveryClient ...
2025-08-26T15:43:16.550+07:00  INFO 96045 --- [gateway-service] [SpringApplicationShutdownHook] [gateway-service,,]com.netflix.discovery.DiscoveryClient    : Unregistering ...
2025-08-26T15:43:16.557+07:00  INFO 96045 --- [gateway-service] [SpringApplicationShutdownHook] [gateway-service,,]com.netflix.discovery.DiscoveryClient    : DiscoveryClient_GATEWAY-SERVICE/172.16.113.28:gateway-service:8080 - deregister  status: 200
2025-08-26T15:43:16.558+07:00  INFO 96045 --- [gateway-service] [SpringApplicationShutdownHook] [gateway-service,,]com.netflix.discovery.DiscoveryClient    : Completed shut down of DiscoveryClient
