2025-08-26T00:50:26.492+07:00  WARN 91616 --- [statistic-service] [HikariPool-1 housekeeper] [statistic-service,,]com.zaxxer.hikari.pool.HikariPool        : HikariPool-1 - Thread starvation or clock leap detected (housekeeper delta=1h27m16s629ms).
2025-08-26T02:15:22.588+07:00  WARN 91616 --- [statistic-service] [HikariPool-1 housekeeper] [statistic-service,,]com.zaxxer.hikari.pool.HikariPool        : HikariPool-1 - Thread starvation or clock leap detected (housekeeper delta=1h24m26s96ms).
2025-08-26T03:54:48.757+07:00  WARN 91616 --- [statistic-service] [HikariPool-1 housekeeper] [statistic-service,,]com.zaxxer.hikari.pool.HikariPool        : HikariPool-1 - Thread starvation or clock leap detected (housekeeper delta=1h39m26s169ms).
2025-08-26T04:06:26.443+07:00  WARN 91616 --- [statistic-service] [HikariPool-1 housekeeper] [statistic-service,,]com.zaxxer.hikari.pool.HikariPool        : HikariPool-1 - Thread starvation or clock leap detected (housekeeper delta=11m37s686ms).
2025-08-26T04:46:34.517+07:00  INFO 91616 --- [statistic-service] [AsyncResolver-bootstrap-executor-%d] [statistic-service,,]c.n.d.s.r.aws.ConfigClusterResolver      : Resolving eureka endpoints via configuration
2025-08-26T04:46:35.519+07:00  WARN 91616 --- [statistic-service] [HikariPool-1 housekeeper] [statistic-service,,]com.zaxxer.hikari.pool.HikariPool        : HikariPool-1 - Thread starvation or clock leap detected (housekeeper delta=40m9s76ms).
2025-08-26T04:46:38.355+07:00  INFO 91616 --- [statistic-service] [DiscoveryClient-HeartbeatExecutor-%d] [statistic-service,,]com.netflix.discovery.DiscoveryClient    : DiscoveryClient_STATISTIC-SERVICE/172.16.113.28:statistic-service:9082 - Re-registering apps/STATISTIC-SERVICE
2025-08-26T04:46:38.355+07:00  INFO 91616 --- [statistic-service] [DiscoveryClient-HeartbeatExecutor-%d] [statistic-service,,]com.netflix.discovery.DiscoveryClient    : DiscoveryClient_STATISTIC-SERVICE/172.16.113.28:statistic-service:9082: registering service...
2025-08-26T04:46:38.360+07:00  INFO 91616 --- [statistic-service] [DiscoveryClient-HeartbeatExecutor-%d] [statistic-service,,]com.netflix.discovery.DiscoveryClient    : DiscoveryClient_STATISTIC-SERVICE/172.16.113.28:statistic-service:9082 - registration status: 204
2025-08-26T05:19:00.163+07:00  WARN 91616 --- [statistic-service] [HikariPool-1 housekeeper] [statistic-service,,]com.zaxxer.hikari.pool.HikariPool        : HikariPool-1 - Thread starvation or clock leap detected (housekeeper delta=32m24s644ms).
2025-08-26T06:43:35.740+07:00  WARN 91616 --- [statistic-service] [HikariPool-1 housekeeper] [statistic-service,,]com.zaxxer.hikari.pool.HikariPool        : HikariPool-1 - Thread starvation or clock leap detected (housekeeper delta=1h24m35s577ms).
2025-08-26T06:47:47.463+07:00  WARN 91616 --- [statistic-service] [HikariPool-1 housekeeper] [statistic-service,,]com.zaxxer.hikari.pool.HikariPool        : HikariPool-1 - Thread starvation or clock leap detected (housekeeper delta=4m11s723ms).
2025-08-26T07:21:52.937+07:00  WARN 91616 --- [statistic-service] [HikariPool-1 housekeeper] [statistic-service,,]com.zaxxer.hikari.pool.HikariPool        : HikariPool-1 - Thread starvation or clock leap detected (housekeeper delta=34m5s474ms).
2025-08-26T07:30:38.979+07:00  WARN 91616 --- [statistic-service] [HikariPool-1 housekeeper] [statistic-service,,]com.zaxxer.hikari.pool.HikariPool        : HikariPool-1 - Thread starvation or clock leap detected (housekeeper delta=8m46s42ms).
2025-08-26T08:04:52.791+07:00  WARN 91616 --- [statistic-service] [HikariPool-1 housekeeper] [statistic-service,,]com.zaxxer.hikari.pool.HikariPool        : HikariPool-1 - Thread starvation or clock leap detected (housekeeper delta=34m13s812ms).
2025-08-26T08:19:46.408+07:00  WARN 91616 --- [statistic-service] [HikariPool-1 housekeeper] [statistic-service,,]com.zaxxer.hikari.pool.HikariPool        : HikariPool-1 - Thread starvation or clock leap detected (housekeeper delta=14m53s617ms).
2025-08-26T08:23:19.245+07:00  WARN 91616 --- [statistic-service] [HikariPool-1 housekeeper] [statistic-service,,]com.zaxxer.hikari.pool.HikariPool        : HikariPool-1 - Thread starvation or clock leap detected (housekeeper delta=3m32s837ms).
2025-08-26T08:24:18.213+07:00  INFO 91616 --- [statistic-service] [AsyncResolver-bootstrap-executor-%d] [statistic-service,,]c.n.d.s.r.aws.ConfigClusterResolver      : Resolving eureka endpoints via configuration
2025-08-26T08:29:18.221+07:00  INFO 91616 --- [statistic-service] [AsyncResolver-bootstrap-executor-%d] [statistic-service,,]c.n.d.s.r.aws.ConfigClusterResolver      : Resolving eureka endpoints via configuration
2025-08-26T08:34:18.229+07:00  INFO 91616 --- [statistic-service] [AsyncResolver-bootstrap-executor-%d] [statistic-service,,]c.n.d.s.r.aws.ConfigClusterResolver      : Resolving eureka endpoints via configuration
2025-08-26T08:39:18.237+07:00  INFO 91616 --- [statistic-service] [AsyncResolver-bootstrap-executor-%d] [statistic-service,,]c.n.d.s.r.aws.ConfigClusterResolver      : Resolving eureka endpoints via configuration
2025-08-26T08:44:18.249+07:00  INFO 91616 --- [statistic-service] [AsyncResolver-bootstrap-executor-%d] [statistic-service,,]c.n.d.s.r.aws.ConfigClusterResolver      : Resolving eureka endpoints via configuration
2025-08-26T08:49:18.253+07:00  INFO 91616 --- [statistic-service] [AsyncResolver-bootstrap-executor-%d] [statistic-service,,]c.n.d.s.r.aws.ConfigClusterResolver      : Resolving eureka endpoints via configuration
2025-08-26T08:54:18.261+07:00  INFO 91616 --- [statistic-service] [AsyncResolver-bootstrap-executor-%d] [statistic-service,,]c.n.d.s.r.aws.ConfigClusterResolver      : Resolving eureka endpoints via configuration
2025-08-26T08:59:18.265+07:00  INFO 91616 --- [statistic-service] [AsyncResolver-bootstrap-executor-%d] [statistic-service,,]c.n.d.s.r.aws.ConfigClusterResolver      : Resolving eureka endpoints via configuration
2025-08-26T09:04:18.270+07:00  INFO 91616 --- [statistic-service] [AsyncResolver-bootstrap-executor-%d] [statistic-service,,]c.n.d.s.r.aws.ConfigClusterResolver      : Resolving eureka endpoints via configuration
2025-08-26T09:09:18.282+07:00  INFO 91616 --- [statistic-service] [AsyncResolver-bootstrap-executor-%d] [statistic-service,,]c.n.d.s.r.aws.ConfigClusterResolver      : Resolving eureka endpoints via configuration
2025-08-26T09:14:18.293+07:00  INFO 91616 --- [statistic-service] [AsyncResolver-bootstrap-executor-%d] [statistic-service,,]c.n.d.s.r.aws.ConfigClusterResolver      : Resolving eureka endpoints via configuration
2025-08-26T09:19:18.300+07:00  INFO 91616 --- [statistic-service] [AsyncResolver-bootstrap-executor-%d] [statistic-service,,]c.n.d.s.r.aws.ConfigClusterResolver      : Resolving eureka endpoints via configuration
2025-08-26T09:24:18.303+07:00  INFO 91616 --- [statistic-service] [AsyncResolver-bootstrap-executor-%d] [statistic-service,,]c.n.d.s.r.aws.ConfigClusterResolver      : Resolving eureka endpoints via configuration
2025-08-26T09:29:18.310+07:00  INFO 91616 --- [statistic-service] [AsyncResolver-bootstrap-executor-%d] [statistic-service,,]c.n.d.s.r.aws.ConfigClusterResolver      : Resolving eureka endpoints via configuration
2025-08-26T09:34:18.323+07:00  INFO 91616 --- [statistic-service] [AsyncResolver-bootstrap-executor-%d] [statistic-service,,]c.n.d.s.r.aws.ConfigClusterResolver      : Resolving eureka endpoints via configuration
2025-08-26T09:39:18.335+07:00  INFO 91616 --- [statistic-service] [AsyncResolver-bootstrap-executor-%d] [statistic-service,,]c.n.d.s.r.aws.ConfigClusterResolver      : Resolving eureka endpoints via configuration
2025-08-26T09:44:18.347+07:00  INFO 91616 --- [statistic-service] [AsyncResolver-bootstrap-executor-%d] [statistic-service,,]c.n.d.s.r.aws.ConfigClusterResolver      : Resolving eureka endpoints via configuration
2025-08-26T09:49:18.356+07:00  INFO 91616 --- [statistic-service] [AsyncResolver-bootstrap-executor-%d] [statistic-service,,]c.n.d.s.r.aws.ConfigClusterResolver      : Resolving eureka endpoints via configuration
2025-08-26T09:53:20.910+07:00  INFO 91616 --- [statistic-service] [http-nio-9082-exec-3] [statistic-service,68ad21a0851b1dadb4d5dafe3836af87,d6bcbbad5aa025ec]h.j.s.Controller.StatisticController     : Add statistic
2025-08-26T09:54:18.364+07:00  INFO 91616 --- [statistic-service] [AsyncResolver-bootstrap-executor-%d] [statistic-service,,]c.n.d.s.r.aws.ConfigClusterResolver      : Resolving eureka endpoints via configuration
2025-08-26T09:55:00.010+07:00  INFO 91616 --- [statistic-service] [http-nio-9082-exec-5] [statistic-service,68ad2203710adf4fb1578322395b7c92,2f9452f69cb73af3]h.j.s.Controller.StatisticController     : Add statistic
2025-08-26T09:59:18.374+07:00  INFO 91616 --- [statistic-service] [AsyncResolver-bootstrap-executor-%d] [statistic-service,,]c.n.d.s.r.aws.ConfigClusterResolver      : Resolving eureka endpoints via configuration
2025-08-26T10:04:18.357+07:00  INFO 91616 --- [statistic-service] [AsyncResolver-bootstrap-executor-%d] [statistic-service,,]c.n.d.s.r.aws.ConfigClusterResolver      : Resolving eureka endpoints via configuration
2025-08-26T10:09:18.364+07:00  INFO 91616 --- [statistic-service] [AsyncResolver-bootstrap-executor-%d] [statistic-service,,]c.n.d.s.r.aws.ConfigClusterResolver      : Resolving eureka endpoints via configuration
2025-08-26T10:14:18.369+07:00  INFO 91616 --- [statistic-service] [AsyncResolver-bootstrap-executor-%d] [statistic-service,,]c.n.d.s.r.aws.ConfigClusterResolver      : Resolving eureka endpoints via configuration
2025-08-26T10:19:18.373+07:00  INFO 91616 --- [statistic-service] [AsyncResolver-bootstrap-executor-%d] [statistic-service,,]c.n.d.s.r.aws.ConfigClusterResolver      : Resolving eureka endpoints via configuration
2025-08-26T10:24:18.342+07:00  INFO 91616 --- [statistic-service] [AsyncResolver-bootstrap-executor-%d] [statistic-service,,]c.n.d.s.r.aws.ConfigClusterResolver      : Resolving eureka endpoints via configuration
2025-08-26T10:29:18.346+07:00  INFO 91616 --- [statistic-service] [AsyncResolver-bootstrap-executor-%d] [statistic-service,,]c.n.d.s.r.aws.ConfigClusterResolver      : Resolving eureka endpoints via configuration
2025-08-26T10:34:18.352+07:00  INFO 91616 --- [statistic-service] [AsyncResolver-bootstrap-executor-%d] [statistic-service,,]c.n.d.s.r.aws.ConfigClusterResolver      : Resolving eureka endpoints via configuration
2025-08-26T10:39:18.353+07:00  INFO 91616 --- [statistic-service] [AsyncResolver-bootstrap-executor-%d] [statistic-service,,]c.n.d.s.r.aws.ConfigClusterResolver      : Resolving eureka endpoints via configuration
2025-08-26T10:44:18.356+07:00  INFO 91616 --- [statistic-service] [AsyncResolver-bootstrap-executor-%d] [statistic-service,,]c.n.d.s.r.aws.ConfigClusterResolver      : Resolving eureka endpoints via configuration
2025-08-26T10:49:18.360+07:00  INFO 91616 --- [statistic-service] [AsyncResolver-bootstrap-executor-%d] [statistic-service,,]c.n.d.s.r.aws.ConfigClusterResolver      : Resolving eureka endpoints via configuration
2025-08-26T10:54:18.368+07:00  INFO 91616 --- [statistic-service] [AsyncResolver-bootstrap-executor-%d] [statistic-service,,]c.n.d.s.r.aws.ConfigClusterResolver      : Resolving eureka endpoints via configuration
2025-08-26T10:59:18.373+07:00  INFO 91616 --- [statistic-service] [AsyncResolver-bootstrap-executor-%d] [statistic-service,,]c.n.d.s.r.aws.ConfigClusterResolver      : Resolving eureka endpoints via configuration
2025-08-26T11:04:18.373+07:00  INFO 91616 --- [statistic-service] [AsyncResolver-bootstrap-executor-%d] [statistic-service,,]c.n.d.s.r.aws.ConfigClusterResolver      : Resolving eureka endpoints via configuration
2025-08-26T11:09:18.375+07:00  INFO 91616 --- [statistic-service] [AsyncResolver-bootstrap-executor-%d] [statistic-service,,]c.n.d.s.r.aws.ConfigClusterResolver      : Resolving eureka endpoints via configuration
2025-08-26T11:14:18.372+07:00  INFO 91616 --- [statistic-service] [AsyncResolver-bootstrap-executor-%d] [statistic-service,,]c.n.d.s.r.aws.ConfigClusterResolver      : Resolving eureka endpoints via configuration
2025-08-26T11:19:18.381+07:00  INFO 91616 --- [statistic-service] [AsyncResolver-bootstrap-executor-%d] [statistic-service,,]c.n.d.s.r.aws.ConfigClusterResolver      : Resolving eureka endpoints via configuration
2025-08-26T11:24:18.389+07:00  INFO 91616 --- [statistic-service] [AsyncResolver-bootstrap-executor-%d] [statistic-service,,]c.n.d.s.r.aws.ConfigClusterResolver      : Resolving eureka endpoints via configuration
2025-08-26T11:29:18.397+07:00  INFO 91616 --- [statistic-service] [AsyncResolver-bootstrap-executor-%d] [statistic-service,,]c.n.d.s.r.aws.ConfigClusterResolver      : Resolving eureka endpoints via configuration
2025-08-26T11:34:18.414+07:00  INFO 91616 --- [statistic-service] [AsyncResolver-bootstrap-executor-%d] [statistic-service,,]c.n.d.s.r.aws.ConfigClusterResolver      : Resolving eureka endpoints via configuration
2025-08-26T11:39:18.416+07:00  INFO 91616 --- [statistic-service] [AsyncResolver-bootstrap-executor-%d] [statistic-service,,]c.n.d.s.r.aws.ConfigClusterResolver      : Resolving eureka endpoints via configuration
2025-08-26T11:44:18.426+07:00  INFO 91616 --- [statistic-service] [AsyncResolver-bootstrap-executor-%d] [statistic-service,,]c.n.d.s.r.aws.ConfigClusterResolver      : Resolving eureka endpoints via configuration
2025-08-26T11:49:18.430+07:00  INFO 91616 --- [statistic-service] [AsyncResolver-bootstrap-executor-%d] [statistic-service,,]c.n.d.s.r.aws.ConfigClusterResolver      : Resolving eureka endpoints via configuration
2025-08-26T11:54:18.439+07:00  INFO 91616 --- [statistic-service] [AsyncResolver-bootstrap-executor-%d] [statistic-service,,]c.n.d.s.r.aws.ConfigClusterResolver      : Resolving eureka endpoints via configuration
2025-08-26T11:59:18.441+07:00  INFO 91616 --- [statistic-service] [AsyncResolver-bootstrap-executor-%d] [statistic-service,,]c.n.d.s.r.aws.ConfigClusterResolver      : Resolving eureka endpoints via configuration
2025-08-26T12:04:18.445+07:00  INFO 91616 --- [statistic-service] [AsyncResolver-bootstrap-executor-%d] [statistic-service,,]c.n.d.s.r.aws.ConfigClusterResolver      : Resolving eureka endpoints via configuration
2025-08-26T12:09:18.451+07:00  INFO 91616 --- [statistic-service] [AsyncResolver-bootstrap-executor-%d] [statistic-service,,]c.n.d.s.r.aws.ConfigClusterResolver      : Resolving eureka endpoints via configuration
2025-08-26T12:14:18.455+07:00  INFO 91616 --- [statistic-service] [AsyncResolver-bootstrap-executor-%d] [statistic-service,,]c.n.d.s.r.aws.ConfigClusterResolver      : Resolving eureka endpoints via configuration
2025-08-26T12:19:18.459+07:00  INFO 91616 --- [statistic-service] [AsyncResolver-bootstrap-executor-%d] [statistic-service,,]c.n.d.s.r.aws.ConfigClusterResolver      : Resolving eureka endpoints via configuration
2025-08-26T12:24:18.522+07:00  INFO 91616 --- [statistic-service] [AsyncResolver-bootstrap-executor-%d] [statistic-service,,]c.n.d.s.r.aws.ConfigClusterResolver      : Resolving eureka endpoints via configuration
2025-08-26T12:29:18.534+07:00  INFO 91616 --- [statistic-service] [AsyncResolver-bootstrap-executor-%d] [statistic-service,,]c.n.d.s.r.aws.ConfigClusterResolver      : Resolving eureka endpoints via configuration
2025-08-26T12:34:18.541+07:00  INFO 91616 --- [statistic-service] [AsyncResolver-bootstrap-executor-%d] [statistic-service,,]c.n.d.s.r.aws.ConfigClusterResolver      : Resolving eureka endpoints via configuration
2025-08-26T12:39:18.551+07:00  INFO 91616 --- [statistic-service] [AsyncResolver-bootstrap-executor-%d] [statistic-service,,]c.n.d.s.r.aws.ConfigClusterResolver      : Resolving eureka endpoints via configuration
2025-08-26T12:44:18.555+07:00  INFO 91616 --- [statistic-service] [AsyncResolver-bootstrap-executor-%d] [statistic-service,,]c.n.d.s.r.aws.ConfigClusterResolver      : Resolving eureka endpoints via configuration
2025-08-26T13:37:14.893+07:00  WARN 91616 --- [statistic-service] [HikariPool-1 housekeeper] [statistic-service,,]com.zaxxer.hikari.pool.HikariPool        : HikariPool-1 - Thread starvation or clock leap detected (housekeeper delta=51m52s830ms).
2025-08-26T13:42:48.592+07:00  WARN 91616 --- [statistic-service] [HikariPool-1 housekeeper] [statistic-service,,]com.zaxxer.hikari.pool.HikariPool        : HikariPool-1 - Thread starvation or clock leap detected (housekeeper delta=5m33s698ms).
2025-08-26T13:45:45.072+07:00  INFO 91616 --- [statistic-service] [AsyncResolver-bootstrap-executor-%d] [statistic-service,,]c.n.d.s.r.aws.ConfigClusterResolver      : Resolving eureka endpoints via configuration
2025-08-26T13:50:45.079+07:00  INFO 91616 --- [statistic-service] [AsyncResolver-bootstrap-executor-%d] [statistic-service,,]c.n.d.s.r.aws.ConfigClusterResolver      : Resolving eureka endpoints via configuration
2025-08-26T13:55:45.071+07:00  INFO 91616 --- [statistic-service] [AsyncResolver-bootstrap-executor-%d] [statistic-service,,]c.n.d.s.r.aws.ConfigClusterResolver      : Resolving eureka endpoints via configuration
2025-08-26T14:00:45.083+07:00  INFO 91616 --- [statistic-service] [AsyncResolver-bootstrap-executor-%d] [statistic-service,,]c.n.d.s.r.aws.ConfigClusterResolver      : Resolving eureka endpoints via configuration
2025-08-26T14:05:45.088+07:00  INFO 91616 --- [statistic-service] [AsyncResolver-bootstrap-executor-%d] [statistic-service,,]c.n.d.s.r.aws.ConfigClusterResolver      : Resolving eureka endpoints via configuration
2025-08-26T14:10:45.102+07:00  INFO 91616 --- [statistic-service] [AsyncResolver-bootstrap-executor-%d] [statistic-service,,]c.n.d.s.r.aws.ConfigClusterResolver      : Resolving eureka endpoints via configuration
2025-08-26T14:15:45.117+07:00  INFO 91616 --- [statistic-service] [AsyncResolver-bootstrap-executor-%d] [statistic-service,,]c.n.d.s.r.aws.ConfigClusterResolver      : Resolving eureka endpoints via configuration
2025-08-26T14:20:45.124+07:00  INFO 91616 --- [statistic-service] [AsyncResolver-bootstrap-executor-%d] [statistic-service,,]c.n.d.s.r.aws.ConfigClusterResolver      : Resolving eureka endpoints via configuration
2025-08-26T14:25:45.127+07:00  INFO 91616 --- [statistic-service] [AsyncResolver-bootstrap-executor-%d] [statistic-service,,]c.n.d.s.r.aws.ConfigClusterResolver      : Resolving eureka endpoints via configuration
2025-08-26T14:30:45.135+07:00  INFO 91616 --- [statistic-service] [AsyncResolver-bootstrap-executor-%d] [statistic-service,,]c.n.d.s.r.aws.ConfigClusterResolver      : Resolving eureka endpoints via configuration
2025-08-26T14:35:45.139+07:00  INFO 91616 --- [statistic-service] [AsyncResolver-bootstrap-executor-%d] [statistic-service,,]c.n.d.s.r.aws.ConfigClusterResolver      : Resolving eureka endpoints via configuration
2025-08-26T14:40:45.170+07:00  INFO 91616 --- [statistic-service] [AsyncResolver-bootstrap-executor-%d] [statistic-service,,]c.n.d.s.r.aws.ConfigClusterResolver      : Resolving eureka endpoints via configuration
2025-08-26T14:45:45.178+07:00  INFO 91616 --- [statistic-service] [AsyncResolver-bootstrap-executor-%d] [statistic-service,,]c.n.d.s.r.aws.ConfigClusterResolver      : Resolving eureka endpoints via configuration
2025-08-26T14:50:45.185+07:00  INFO 91616 --- [statistic-service] [AsyncResolver-bootstrap-executor-%d] [statistic-service,,]c.n.d.s.r.aws.ConfigClusterResolver      : Resolving eureka endpoints via configuration
2025-08-26T14:55:45.192+07:00  INFO 91616 --- [statistic-service] [AsyncResolver-bootstrap-executor-%d] [statistic-service,,]c.n.d.s.r.aws.ConfigClusterResolver      : Resolving eureka endpoints via configuration
2025-08-26T15:00:45.204+07:00  INFO 91616 --- [statistic-service] [AsyncResolver-bootstrap-executor-%d] [statistic-service,,]c.n.d.s.r.aws.ConfigClusterResolver      : Resolving eureka endpoints via configuration
2025-08-26T15:05:45.217+07:00  INFO 91616 --- [statistic-service] [AsyncResolver-bootstrap-executor-%d] [statistic-service,,]c.n.d.s.r.aws.ConfigClusterResolver      : Resolving eureka endpoints via configuration
2025-08-26T15:10:45.230+07:00  INFO 91616 --- [statistic-service] [AsyncResolver-bootstrap-executor-%d] [statistic-service,,]c.n.d.s.r.aws.ConfigClusterResolver      : Resolving eureka endpoints via configuration
2025-08-26T15:15:45.237+07:00  INFO 91616 --- [statistic-service] [AsyncResolver-bootstrap-executor-%d] [statistic-service,,]c.n.d.s.r.aws.ConfigClusterResolver      : Resolving eureka endpoints via configuration
2025-08-26T15:20:45.248+07:00  INFO 91616 --- [statistic-service] [AsyncResolver-bootstrap-executor-%d] [statistic-service,,]c.n.d.s.r.aws.ConfigClusterResolver      : Resolving eureka endpoints via configuration
2025-08-26T15:25:45.239+07:00  INFO 91616 --- [statistic-service] [AsyncResolver-bootstrap-executor-%d] [statistic-service,,]c.n.d.s.r.aws.ConfigClusterResolver      : Resolving eureka endpoints via configuration
2025-08-26T15:30:45.243+07:00  INFO 91616 --- [statistic-service] [AsyncResolver-bootstrap-executor-%d] [statistic-service,,]c.n.d.s.r.aws.ConfigClusterResolver      : Resolving eureka endpoints via configuration
2025-08-26T15:35:45.254+07:00  INFO 91616 --- [statistic-service] [AsyncResolver-bootstrap-executor-%d] [statistic-service,,]c.n.d.s.r.aws.ConfigClusterResolver      : Resolving eureka endpoints via configuration
2025-08-26T15:40:45.210+07:00  INFO 91616 --- [statistic-service] [AsyncResolver-bootstrap-executor-%d] [statistic-service,,]c.n.d.s.r.aws.ConfigClusterResolver      : Resolving eureka endpoints via configuration
2025-08-26T15:43:01.854+07:00  INFO 91616 --- [statistic-service] [SpringApplicationShutdownHook] [statistic-service,,]o.s.c.n.e.s.EurekaServiceRegistry        : Unregistering application STATISTIC-SERVICE with eureka with status DOWN
2025-08-26T15:43:01.854+07:00  INFO 91616 --- [statistic-service] [SpringApplicationShutdownHook] [statistic-service,,]com.netflix.discovery.DiscoveryClient    : Saw local status change event StatusChangeEvent [timestamp=1756197781854, current=DOWN, previous=UP]
2025-08-26T15:43:01.854+07:00  INFO 91616 --- [statistic-service] [DiscoveryClient-InstanceInfoReplicator-%d] [statistic-service,,]com.netflix.discovery.DiscoveryClient    : DiscoveryClient_STATISTIC-SERVICE/172.16.113.28:statistic-service:9082: registering service...
2025-08-26T15:43:01.862+07:00  INFO 91616 --- [statistic-service] [SpringApplicationShutdownHook] [statistic-service,,]o.s.b.w.e.tomcat.GracefulShutdown        : Commencing graceful shutdown. Waiting for active requests to complete
2025-08-26T15:43:01.866+07:00  INFO 91616 --- [statistic-service] [tomcat-shutdown] [statistic-service,,]o.s.b.w.e.tomcat.GracefulShutdown        : Graceful shutdown complete
2025-08-26T15:43:01.868+07:00  INFO 91616 --- [statistic-service] [DiscoveryClient-InstanceInfoReplicator-%d] [statistic-service,,]com.netflix.discovery.DiscoveryClient    : DiscoveryClient_STATISTIC-SERVICE/172.16.113.28:statistic-service:9082 - registration status: 204
2025-08-26T15:43:01.873+07:00  INFO 91616 --- [statistic-service] [SpringApplicationShutdownHook] [statistic-service,,]j.LocalContainerEntityManagerFactoryBean : Closing JPA EntityManagerFactory for persistence unit 'default'
2025-08-26T15:43:01.879+07:00  INFO 91616 --- [statistic-service] [SpringApplicationShutdownHook] [statistic-service,,]com.zaxxer.hikari.HikariDataSource       : HikariPool-1 - Shutdown initiated...
2025-08-26T15:43:01.883+07:00  INFO 91616 --- [statistic-service] [SpringApplicationShutdownHook] [statistic-service,,]com.zaxxer.hikari.HikariDataSource       : HikariPool-1 - Shutdown completed.
2025-08-26T15:43:02.434+07:00  INFO 91616 --- [statistic-service] [SpringApplicationShutdownHook] [statistic-service,,]com.netflix.discovery.DiscoveryClient    : Shutting down DiscoveryClient ...
